// Jest Snapshot v1, https://goo.gl/fbAQLP

exports[`<Layout /> should component render 1`] = `
<DocumentFragment>
  <div
    class="layout row"
    data-testid="layout"
  >
    <header
      data-testid="header"
    >
      <div
        class="header"
      >
        <h1>
          University List App
        </h1>
      </div>
    </header>
    <main
      class="main"
      data-testid="main"
    >
      <h2
        class="heading"
      >
        Test Layout Title
      </h2>
    </main>
    <footer
      data-testid="footer"
    >
      <div
        class="footer"
      >
        Footer
      </div>
    </footer>
  </div>
</DocumentFragment>
`;
