// Jest Snapshot v1, https://goo.gl/fbAQLP

exports[`<RouteNotFound /> component should render 1`] = `
<DocumentFragment>
  <div
    class="layout row"
    data-testid="layout"
  >
    <header
      data-testid="header"
    >
      <div
        class="header"
      >
        <h1>
          University List App
        </h1>
      </div>
    </header>
    <main
      class="main"
      data-testid="main"
    >
      <h2
        class="heading"
      />
      <div>
        <div
          class="center"
        >
          <h1>
            404
          </h1>
          <h2>
            UH OH! You're lost.
          </h2>
          <p>
            The page you are looking for does not exist. How you got here is a mystery. But you can click the button below to go back to the homepage.
          </p>
          <button>
             Go to homepage
          </button>
        </div>
      </div>
    </main>
    <footer
      data-testid="footer"
    >
      <div
        class="footer"
      >
        Footer
      </div>
    </footer>
  </div>
</DocumentFragment>
`;
