// Jest Snapshot v1, https://goo.gl/fbAQLP

exports[`<Loder /> should component render 1`] = `
<DocumentFragment>
  <div
    data-testid="spinner"
  >
    <svg
      class="spinner"
      viewBox="0 0 50 50"
    >
      <circle
        class="path"
        cx="25"
        cy="25"
        data-testid="circle"
        fill="none"
        r="20"
        stroke-width="5"
      />
    </svg>
  </div>
</DocumentFragment>
`;
